// Jest Snapshot v1, https://goo.gl/fbAQLP

exports[`Edit Tweet should render correctly 1`] = `
Array [
  <button
    className="btn btn-outline-warning btn-sm"
    data-target="#idundefined"
    data-toggle="modal"
    type="button"
  >
    Edit
  </button>,
  <div
    className="modal"
    id="idundefined"
    onClick={[Function]}
  >
    <div
      className="modal-dialog"
    >
      <div
        className="modal-content"
      >
        <div
          className="modal-header"
        >
          <h4
            className="modal-title"
          >
            Edit Tweet
          </h4>
          <button
            className="close"
            data-dismiss="modal"
            onClick={[Function]}
            type="button"
          >
            Ã—
          </button>
        </div>
        <div
          className="modal-body"
        >
          <input
            className="form-control"
            onChange={[Function]}
            type="text"
          />
        </div>
        <div
          className="modal-footer"
        >
          <button
            className="btn btn-outline-success btn-sm"
            data-dismiss="modal"
            onClick={[Function]}
            type="button"
          >
            Confirm
          </button>
          <button
            className="btn btn-outline-danger btn-sm"
            data-dismiss="modal"
            onClick={[Function]}
            type="button"
          >
            Cancel
          </button>
        </div>
      </div>
    </div>
  </div>,
]
`;
