// Jest Snapshot v1, https://goo.gl/fbAQLP

exports[`Prompt should render correctly 1`] = `null`;
