// Jest Snapshot v1, https://goo.gl/fbAQLP

exports[`SignOut should render correctly 1`] = `ShallowWrapper {}`;
