// Jest Snapshot v1, https://goo.gl/fbAQLP

exports[`Private Route should render correctly 1`] = `ShallowWrapper {}`;
