// Jest Snapshot v1, https://goo.gl/fbAQLP

exports[`Sign In should render correctly 1`] = `ShallowWrapper {}`;
