// Jest Snapshot v1, https://goo.gl/fbAQLP

exports[`Sign Up should render correctly 1`] = `ShallowWrapper {}`;
